127.0.0.1 - - [12/Jun/2023:11:53:19 +0900] "GET / HTTP/1.1" 404 807
0:0:0:0:0:0:0:1 - - [12/Jun/2023:11:53:31 +0900] "GET /pro08/first HTTP/1.1" 200 86
0:0:0:0:0:0:0:1 - - [12/Jun/2023:11:53:32 +0900] "GET /pro08/first HTTP/1.1" 200 86
0:0:0:0:0:0:0:1 - - [12/Jun/2023:11:54:59 +0900] "GET /pro08/first HTTP/1.1" 200 72
0:0:0:0:0:0:0:1 - - [12/Jun/2023:11:54:59 +0900] "GET /pro08/second HTTP/1.1" 200 33
127.0.0.1 - - [12/Jun/2023:11:55:06 +0900] "GET / HTTP/1.1" 404 807
0:0:0:0:0:0:0:1 - - [12/Jun/2023:11:55:09 +0900] "GET /favicon.ico HTTP/1.1" 404 818
0:0:0:0:0:0:0:1 - - [12/Jun/2023:11:55:52 +0900] "GET /pro08/first HTTP/1.1" 200 100
0:0:0:0:0:0:0:1 - - [12/Jun/2023:11:55:52 +0900] "GET /pro08/second HTTP/1.1" 200 33
0:0:0:0:0:0:0:1 - - [12/Jun/2023:11:57:43 +0900] "GET /pro08/second HTTP/1.1" 200 33
127.0.0.1 - - [12/Jun/2023:11:57:50 +0900] "GET / HTTP/1.1" 404 807
0:0:0:0:0:0:0:1 - - [12/Jun/2023:11:57:59 +0900] "GET /pro08/second HTTP/1.1" 200 33
0:0:0:0:0:0:0:1 - - [12/Jun/2023:12:00:28 +0900] "GET /pro08/first HTTP/1.1" 302 -
0:0:0:0:0:0:0:1 - - [12/Jun/2023:12:00:28 +0900] "GET /pro08/second?sdjsjklsfdjklsfd=fdlfdfdl HTTP/1.1" 200 21
127.0.0.1 - - [12/Jun/2023:12:01:44 +0900] "GET / HTTP/1.1" 404 807
0:0:0:0:0:0:0:1 - - [12/Jun/2023:12:02:14 +0900] "GET /pro08/first HTTP/1.1" 302 -
0:0:0:0:0:0:0:1 - - [12/Jun/2023:12:02:14 +0900] "GET /pro08/second?sdjsjklsfdjklsfd=fdlfdfdl&sdkl=sfdjklsfdjklf HTTP/1.1" 200 35
127.0.0.1 - - [12/Jun/2023:12:09:36 +0900] "GET / HTTP/1.1" 404 807
0:0:0:0:0:0:0:1 - - [12/Jun/2023:12:09:42 +0900] "GET /pro08/first HTTP/1.1" 302 -
0:0:0:0:0:0:0:1 - - [12/Jun/2023:12:09:42 +0900] "GET /pro08/second?sdjsjklsfdjklsfd=fdlfdfdl&sdkl=%ED%98%B8%EB%9E%91%EC%9D%B4 HTTP/1.1" 200 31
127.0.0.1 - - [12/Jun/2023:12:13:02 +0900] "GET / HTTP/1.1" 404 807
0:0:0:0:0:0:0:1 - - [12/Jun/2023:12:13:08 +0900] "GET /pro08/first HTTP/1.1" 302 -
0:0:0:0:0:0:0:1 - - [12/Jun/2023:12:13:08 +0900] "GET /pro08/second?sdjsjklsfdjklsfd=fdlfdfdl&sdkl=%ED%98%B8%EB%9E%91%EC%9D%B4 HTTP/1.1" 200 31
0:0:0:0:0:0:0:1 - - [12/Jun/2023:12:13:22 +0900] "GET /pro08/first HTTP/1.1" 302 -
0:0:0:0:0:0:0:1 - - [12/Jun/2023:12:13:22 +0900] "GET /pro08/second?sdjsjklsfdjklsfd=fdlfdfdl&sdkl=%ED%98%B8%EB%9E%91%EC%9D%B4%EA%B0%95%EC%95%84%EC%A7%80 HTTP/1.1" 200 40
127.0.0.1 - - [12/Jun/2023:12:37:11 +0900] "GET / HTTP/1.1" 404 807
0:0:0:0:0:0:0:1 - - [12/Jun/2023:12:37:14 +0900] "GET /pro08/first HTTP/1.1" 200 33
127.0.0.1 - - [12/Jun/2023:12:38:27 +0900] "GET / HTTP/1.1" 404 807
127.0.0.1 - - [12/Jun/2023:12:38:47 +0900] "GET / HTTP/1.1" 404 807
0:0:0:0:0:0:0:1 - - [12/Jun/2023:12:38:54 +0900] "GET /pro08/first HTTP/1.1" 200 39
0:0:0:0:0:0:0:1 - - [12/Jun/2023:12:40:41 +0900] "GET /pro08/first HTTP/1.1" 200 43
0:0:0:0:0:0:0:1 - - [12/Jun/2023:12:40:56 +0900] "GET /pro08/first HTTP/1.1" 200 42
127.0.0.1 - - [12/Jun/2023:12:54:22 +0900] "GET / HTTP/1.1" 404 807
0:0:0:0:0:0:0:1 - - [12/Jun/2023:12:54:34 +0900] "GET /pro08/first HTTP/1.1" 200 -
0:0:0:0:0:0:0:1 - - [12/Jun/2023:12:55:02 +0900] "GET /pro08/second HTTP/1.1" 200 -
127.0.0.1 - - [12/Jun/2023:12:57:23 +0900] "GET / HTTP/1.1" 404 807
0:0:0:0:0:0:0:1 - - [12/Jun/2023:12:57:47 +0900] "GET /pro08/first HTTP/1.1" 200 -
0:0:0:0:0:0:0:1 - - [12/Jun/2023:12:58:33 +0900] "GET /pro08/second HTTP/1.1" 200 -
127.0.0.1 - - [12/Jun/2023:13:00:24 +0900] "GET / HTTP/1.1" 404 807
0:0:0:0:0:0:0:1 - - [12/Jun/2023:13:00:28 +0900] "GET /pro08/first HTTP/1.1" 302 -
0:0:0:0:0:0:0:1 - - [12/Jun/2023:13:00:28 +0900] "GET /pro08/second HTTP/1.1" 200 -
127.0.0.1 - - [12/Jun/2023:13:05:19 +0900] "GET / HTTP/1.1" 404 807
0:0:0:0:0:0:0:1 - - [12/Jun/2023:13:05:24 +0900] "GET /pro08/first HTTP/1.1" 200 -
127.0.0.1 - - [12/Jun/2023:13:06:49 +0900] "GET / HTTP/1.1" 404 807
0:0:0:0:0:0:0:1 - - [12/Jun/2023:13:06:51 +0900] "GET /pro08/first HTTP/1.1" 200 -
127.0.0.1 - - [12/Jun/2023:13:17:39 +0900] "GET / HTTP/1.1" 404 807
0:0:0:0:0:0:0:1 - - [12/Jun/2023:13:18:12 +0900] "GET /pro08/member HTTP/1.1" 200 248
127.0.0.1 - - [12/Jun/2023:13:18:50 +0900] "GET / HTTP/1.1" 404 807
0:0:0:0:0:0:0:1 - - [12/Jun/2023:13:18:55 +0900] "GET /pro08/member HTTP/1.1" 200 497
127.0.0.1 - - [12/Jun/2023:14:23:05 +0900] "GET / HTTP/1.1" 404 807
0:0:0:0:0:0:0:1 - - [12/Jun/2023:14:23:07 +0900] "GET /pro07/memberForm.html HTTP/1.1" 404 832
0:0:0:0:0:0:0:1 - - [12/Jun/2023:14:23:13 +0900] "GET /pro08/member HTTP/1.1" 200 497
0:0:0:0:0:0:0:1 - - [12/Jun/2023:14:23:15 +0900] "GET /pro08/memberForm.html HTTP/1.1" 200 1453
127.0.0.1 - - [12/Jun/2023:14:54:58 +0900] "GET / HTTP/1.1" 404 807
0:0:0:0:0:0:0:1 - - [12/Jun/2023:14:55:06 +0900] "GET /pro08/member HTTP/1.1" 200 497
127.0.0.1 - - [12/Jun/2023:14:55:59 +0900] "GET / HTTP/1.1" 404 807
0:0:0:0:0:0:0:1 - - [12/Jun/2023:14:56:03 +0900] "GET /pro08/member HTTP/1.1" 200 497
0:0:0:0:0:0:0:1 - - [12/Jun/2023:14:56:03 +0900] "GET /pro08/member HTTP/1.1" 200 497
0:0:0:0:0:0:0:1 - - [12/Jun/2023:14:56:03 +0900] "GET /pro08/member HTTP/1.1" 200 497
0:0:0:0:0:0:0:1 - - [12/Jun/2023:14:56:04 +0900] "GET /pro08/member HTTP/1.1" 200 497
0:0:0:0:0:0:0:1 - - [12/Jun/2023:14:56:04 +0900] "GET /pro08/member HTTP/1.1" 200 497
0:0:0:0:0:0:0:1 - - [12/Jun/2023:14:56:07 +0900] "GET /pro07/memberForm.html HTTP/1.1" 200 1453
0:0:0:0:0:0:0:1 - - [12/Jun/2023:14:56:54 +0900] "POST /pro07/member3 HTTP/1.1" 200 905
0:0:0:0:0:0:0:1 - - [12/Jun/2023:14:57:58 +0900] "GET /pro07/member3?command=delMember&id=hong2 HTTP/1.1" 200 741
0:0:0:0:0:0:0:1 - - [12/Jun/2023:14:58:13 +0900] "POST /pro07/member3 HTTP/1.1" 200 909
127.0.0.1 - - [12/Jun/2023:15:33:29 +0900] "GET / HTTP/1.1" 404 807
127.0.0.1 - - [12/Jun/2023:15:34:17 +0900] "GET / HTTP/1.1" 404 807
0:0:0:0:0:0:0:1 - - [12/Jun/2023:15:34:32 +0900] "GET /pro08/cset HTTP/1.1" 200 -
0:0:0:0:0:0:0:1 - - [12/Jun/2023:15:34:59 +0900] "GET /pro08/cget HTTP/1.1" 200 -
127.0.0.1 - - [12/Jun/2023:15:38:30 +0900] "GET / HTTP/1.1" 404 807
0:0:0:0:0:0:0:1 - - [12/Jun/2023:15:38:38 +0900] "GET /pro08/cset HTTP/1.1" 200 -
0:0:0:0:0:0:0:1 - - [12/Jun/2023:15:38:41 +0900] "GET /pro08/cget HTTP/1.1" 200 -
127.0.0.1 - - [12/Jun/2023:16:00:05 +0900] "GET / HTTP/1.1" 404 807
0:0:0:0:0:0:0:1 - - [12/Jun/2023:16:00:26 +0900] "GET /pro08/initMenu HTTP/1.1" 200 -
0:0:0:0:0:0:0:1 - - [12/Jun/2023:16:01:21 +0900] "GET /pro08/initMenu HTTP/1.1" 200 288
127.0.0.1 - - [12/Jun/2023:16:01:53 +0900] "GET /pro08/initMenu HTTP/1.1" 200 288
127.0.0.1 - - [12/Jun/2023:16:01:53 +0900] "GET /favicon.ico HTTP/1.1" 404 818
0:0:0:0:0:0:0:1 - - [12/Jun/2023:16:11:14 +0900] "GET /pro08/initMenu HTTP/1.1" 500 288
0:0:0:0:0:0:0:1 - - [12/Jun/2023:16:11:29 +0900] "GET /pro08/cset HTTP/1.1" 200 -
0:0:0:0:0:0:0:1 - - [12/Jun/2023:16:11:37 +0900] "GET /pro08/initMenu HTTP/1.1" 200 288
0:0:0:0:0:0:0:1 - - [12/Jun/2023:16:19:27 +0900] "GET /pro08/initMenu HTTP/1.1" 200 288
127.0.0.1 - - [12/Jun/2023:16:19:33 +0900] "GET / HTTP/1.1" 404 807
0:0:0:0:0:0:0:1 - - [12/Jun/2023:16:19:36 +0900] "GET /pro08/initMenu HTTP/1.1" 500 288
0:0:0:0:0:0:0:1 - - [12/Jun/2023:16:20:10 +0900] "GET /pro08/initMenu HTTP/1.1" 200 288
0:0:0:0:0:0:0:1 - - [12/Jun/2023:16:20:11 +0900] "GET /pro08/initMenu HTTP/1.1" 200 288
127.0.0.1 - - [12/Jun/2023:16:20:17 +0900] "GET / HTTP/1.1" 404 807
0:0:0:0:0:0:0:1 - - [12/Jun/2023:16:20:17 +0900] "GET /pro08/initMenu HTTP/1.1" 200 288
127.0.0.1 - - [12/Jun/2023:16:35:01 +0900] "GET / HTTP/1.1" 404 807
0:0:0:0:0:0:0:1 - - [12/Jun/2023:16:35:25 +0900] "GET /pro08/cfile HTTP/1.1" 200 -
127.0.0.1 - - [12/Jun/2023:16:35:53 +0900] "GET / HTTP/1.1" 404 807
0:0:0:0:0:0:0:1 - - [12/Jun/2023:16:36:00 +0900] "GET /pro08/cfile HTTP/1.1" 200 -
0:0:0:0:0:0:0:1 - - [12/Jun/2023:16:37:32 +0900] "GET /pro08/cfile HTTP/1.1" 200 -
0:0:0:0:0:0:0:1 - - [12/Jun/2023:16:38:51 +0900] "GET /pro08/cfile HTTP/1.1" 200 -
127.0.0.1 - - [12/Jun/2023:16:40:36 +0900] "GET / HTTP/1.1" 404 807
0:0:0:0:0:0:0:1 - - [12/Jun/2023:16:40:37 +0900] "GET /pro08/cfile HTTP/1.1" 200 -
0:0:0:0:0:0:0:1 - - [12/Jun/2023:16:47:31 +0900] "GET /pro08/cfile HTTP/1.1" 200 -
127.0.0.1 - - [12/Jun/2023:16:49:02 +0900] "GET / HTTP/1.1" 404 807
0:0:0:0:0:0:0:1 - - [12/Jun/2023:16:49:03 +0900] "GET /pro08/cfile HTTP/1.1" 200 -
127.0.0.1 - - [12/Jun/2023:16:49:29 +0900] "GET / HTTP/1.1" 404 807
0:0:0:0:0:0:0:1 - - [12/Jun/2023:16:49:29 +0900] "GET /pro08/cfile HTTP/1.1" 200 -
127.0.0.1 - - [12/Jun/2023:16:49:53 +0900] "GET / HTTP/1.1" 404 807
0:0:0:0:0:0:0:1 - - [12/Jun/2023:16:49:53 +0900] "GET /pro08/cfile HTTP/1.1" 200 -
127.0.0.1 - - [12/Jun/2023:16:51:24 +0900] "GET / HTTP/1.1" 404 807
0:0:0:0:0:0:0:1 - - [12/Jun/2023:16:51:25 +0900] "GET /pro08/cfile HTTP/1.1" 200 -
0:0:0:0:0:0:0:1 - - [12/Jun/2023:16:52:47 +0900] "GET /pro08/cfile HTTP/1.1" 500 1475
0:0:0:0:0:0:0:1 - - [12/Jun/2023:16:53:28 +0900] "GET /pro08/cfile HTTP/1.1" 200 -
127.0.0.1 - - [12/Jun/2023:16:54:08 +0900] "GET / HTTP/1.1" 404 807
0:0:0:0:0:0:0:1 - - [12/Jun/2023:16:54:10 +0900] "GET /pro08/cfile HTTP/1.1" 200 -
127.0.0.1 - - [12/Jun/2023:17:01:42 +0900] "GET / HTTP/1.1" 404 807
0:0:0:0:0:0:0:1 - - [12/Jun/2023:17:01:52 +0900] "GET /pro08/sInit1 HTTP/1.1" 200 -
0:0:0:0:0:0:0:1 - - [12/Jun/2023:17:01:57 +0900] "GET /pro08/sInit2 HTTP/1.1" 200 -
127.0.0.1 - - [12/Jun/2023:17:06:37 +0900] "GET / HTTP/1.1" 404 807
0:0:0:0:0:0:0:1 - - [12/Jun/2023:17:06:44 +0900] "GET /pro08/sInit HTTP/1.1" 200 -
127.0.0.1 - - [12/Jun/2023:17:07:04 +0900] "GET / HTTP/1.1" 404 807
0:0:0:0:0:0:0:1 - - [12/Jun/2023:17:07:05 +0900] "GET /pro08/sInit HTTP/1.1" 200 -
